../Core/Src/main.c:132:5:main	24	static
../Core/Src/main.c:208:6:SystemClock_Config	88	static
../Core/Src/main.c:253:13:MX_ADC1_Init	24	static
../Core/Src/main.c:303:13:MX_CAN1_Init	8	static
../Core/Src/main.c:340:13:MX_I2C1_Init	8	static
../Core/Src/main.c:374:13:MX_SPI2_Init	8	static
../Core/Src/main.c:412:13:MX_SPI3_Init	8	static
../Core/Src/main.c:450:13:MX_USART3_UART_Init	8	static
../Core/Src/main.c:483:13:MX_GPIO_Init	56	static
../Core/Src/main.c:537:6:Error_Handler	4	static,ignoring_inline_asm
