../Core/Src/main.c:137:5:main	1
../Core/Src/main.c:217:6:Test_Buck_Output_WhiteBox	4
../Core/Src/main.c:245:6:Test_Temp_Warning_WhiteBox	3
../Core/Src/main.c:264:6:Test_Buck_Output_BlackBox	3
../Core/Src/main.c:279:6:Test_Temp_Warning_BlackBox	3
../Core/Src/main.c:299:6:SystemClock_Config	3
../Core/Src/main.c:344:13:MX_ADC1_Init	3
../Core/Src/main.c:394:13:MX_CAN1_Init	2
../Core/Src/main.c:431:13:MX_I2C1_Init	2
../Core/Src/main.c:465:13:MX_SPI2_Init	2
../Core/Src/main.c:503:13:MX_SPI3_Init	2
../Core/Src/main.c:541:13:MX_USART3_UART_Init	2
../Core/Src/main.c:574:13:MX_GPIO_Init	1
../Core/Src/main.c:628:6:Error_Handler	1
