../Drivers/CMSIS/Include/core_cm4.h:1939:34:__NVIC_SystemReset	1
../Core/Src/main.c:132:5:main	2
../Core/Src/main.c:193:6:SystemClock_Config	3
../Core/Src/main.c:238:13:MX_ADC1_Init	3
../Core/Src/main.c:288:13:MX_CAN1_Init	2
../Core/Src/main.c:325:13:MX_I2C1_Init	2
../Core/Src/main.c:359:13:MX_SPI2_Init	2
../Core/Src/main.c:397:13:MX_SPI3_Init	2
../Core/Src/main.c:435:13:MX_USART3_UART_Init	2
../Core/Src/main.c:468:13:MX_GPIO_Init	1
../Core/Src/main.c:515:6:BMP280_Init	2
../Core/Src/main.c:544:6:BMP280_Read_Calibration	1
../Core/Src/main.c:555:9:BMP280_Compensate_Temperature	1
../Core/Src/main.c:567:5:__io_putchar	1
../Core/Src/main.c:572:6:BMP280_Start_Temp_DMA	1
../Core/Src/main.c:578:6:HAL_I2C_MemRxCpltCallback	3
../Core/Src/main.c:613:6:Error_Handler	1
